995176
1135557
1431775
1824183
2359362
3059523
3942014
5106209
6594716
8448125
