406524728
616913639
522069986
683633995
619585484
501737452
589474148
520191538
470557926
683633995
