10 11 6 8 13 11 5 8 11
21 17 14 21 24 16 13 19
38 31 35 45 40 29 32
69 66 80 85 69 61
135 146 165 154 130
281 311 319 284
592 630 603
1222 1233
2455
