3 5 7 7 5 3
8 12 14 12 8
20 26 26 20
46 52 46
98 98
196
